File "cstruct_several_attributes.ml", line 2, characters 2-71:
Error: ppx_cstruct: too many attributes
