File "cstruct_len_not_int.ml", line 3, characters 17-20:
Error: ppx_cstruct: [@len] argument should be an integer
