"lwt"
"mirage" {build &  >= "3.7.0" & < "3.8.0"}
"mirage-bootvar-solo5" { >= "0.6.0" & < "0.7.0"}
"mirage-clock-freestanding" { >= "3.0.0" & < "4.0.0"}
"mirage-logs" { >= "1.2.0" & < "2.0.0"}
"mirage-runtime" { >= "3.7.0" & < "3.8.0"}
"mirage-solo5" { >= "0.6.1" & < "0.7.0"}
"mirage-types" { >= "3.7.0" & < "3.8.0"}
"ocaml" {build &  >= "4.06.0"}
"ocamlbuild" {build}
"ocamlfind" {build}
"solo5-hvt" { >= "0.6.0" & < "0.7.0"}
