(lang dune 2.3)
(using library_variants 0.2)
(implicit_transitive_deps true)
