(* Geneated by functoria_test *)

let (>>=) x f = f x
let return x = x
let run x = x

module App_make__8 = App.Make(Key_gen)(Info_gen)

let sys__2 = lazy (
  return Sys.argv
  )

let key_gen__3 = lazy (
  let __sys__2 = Lazy.force sys__2 in
  __sys__2 >>= fun _sys__2 ->
  return (Functoria_runtime.with_argv (List.map fst Key_gen.runtime_keys) "foo" _sys__2)
  )

let info_gen__5 = lazy (
  return Info_gen.info
  )

let app_make__8 = lazy (
  let __key_gen__3 = Lazy.force key_gen__3 in
  let __info_gen__5 = Lazy.force info_gen__5 in
  __key_gen__3 >>= fun _key_gen__3 ->
  __info_gen__5 >>= fun _info_gen__5 ->
  App_make__8.start _key_gen__3 _info_gen__5
  )

let () =
  let t =
  Lazy.force app_make__8
  in run t
