(* Geneated by functoria_test *)

let (>>=) x f = f x
let return x = x
let run x = x

module App_make__17 = App.Make(Key_gen)(Info_gen)

let bootvar__4 = lazy (
  Bootvar.argv ()
  )

let key_gen__12 = lazy (
  let __bootvar__4 = Lazy.force bootvar__4 in
  __bootvar__4 >>= fun _bootvar__4 ->
  return (Mirage_runtime.with_argv (List.map fst Key_gen.runtime_keys) "foo" _bootvar__4)
  )

let info_gen__14 = lazy (
  return Info_gen.info
  )

let app_make__17 = lazy (
  let __key_gen__12 = Lazy.force key_gen__12 in
  let __info_gen__14 = Lazy.force info_gen__14 in
  __key_gen__12 >>= fun _key_gen__12 ->
  __info_gen__14 >>= fun _info_gen__14 ->
  App_make__17.start _key_gen__12 _info_gen__14
  )

let () =
  let t =
  Lazy.force app_make__17
  in run t
