opam-version: "2.0"
name: "noop"
maintainer: "dummy"
authors: "dummy"
homepage: "dummy"
bug-reports: "dummy"
synopsis: "This is a dummy"

build: ["test" "build" "--config-file" "config.ml"]

depends: [
  "functoria-runtime"
  "fmt"
]

