;; Generated by test.1.0~test

(executable
  (name config)
  (flags (:standard -warn-error -A))
  (modules config)
  (libraries f0 functoria))

(rule
  (targets key_gen.ml main.ml vote warn_error)
  (deps config.ml test.context)
  (action
    (run ./config.exe build --context-file test.context)))

(executable
  (public_name f0)
  (package   functoria)
  (name      main)
  (modules   (:standard \ config))
  (promote   (until-clean))
  (libraries cmdliner fmt functoria-runtime))
