;; Generated by test.1.0~test

(executable
  (name config)
  (flags (:standard -warn-error -A))
  (modules config)
  (libraries f0 functoria))
