$(dune build ./config.exe)
$(dune exec -- ./config.exe c a b c --dry-run)
