* Is_file? config.ml -> true
* Is_file? dune-project -> false
* Write to dune-project (47 bytes)
* Is_file? dune -> true
* Read dune (221 bytes)
* Run_cmd 'dune build ./config.exe' (ok)
* Is_file? test.context -> false
* Run_cmd 'dune exec -- ./config.exe c a b c --dry-run' (ok)
