Deprecated: use `dune buid' directly
* Run_cmd 'dune build ./' (ok)
