* Ls ./ (0 entry)
* Rm test.context (no-op)
* Is_file? dune -> true
* Read dune (221 bytes)
* Rm .merlin (removed)
* Get_var INSIDE_FUNCTORIA_TESTS -> <not set>
* Run_cmd 'dune clean' (ok)
