$(dune build ./config.exe)
$(dune exec -- ./config.exe --dry-run)
