$(dune build ./config.exe)
$(dune exec -- ./config.exe describe a b c --dry-run)
