test: too many arguments, don't know what to do with `b', `c'
Usage: test help [OPTION]... [TOPIC]
Try `test help --help' or `test --help' for more information.
* Is_file? empty/config.ml -> false
configuration file empty/config.ml missing
(exit 1)
