$(dune build ./config.exe)
$(dune exec -- ./config.exe help configure --dry-run)
