$(dune build ./config.exe)
$(dune exec -- ./config.exe help a b c --dry-run)
