$(dune build ./config.exe)
$(dune exec -- ./config.exe query a b c --dry-run)
