$(dune build ./config.exe)
$(dune exec -- ./config.exe help --dry-run)
