Name       noop
Keys       target=y,
           vote=cat (default),
           warn_error=false (default)
