Name       noop
Keys       target=x,
           vote=cat (default),
           warn_error=false (default)
